// Jest Snapshot v1, https://goo.gl/fbAQLP

exports[`App есть конкретный снимок 1`] = `
<div
  className="page"
>
  <div
    className="interactions"
  >
    <form
      onSubmit={[Function]}
    >
      <div>
        Поиск
      </div>
      <input
        onChange={[Function]}
        type="text"
        value="redux"
      />
      <button
        type="submit"
      >
        Поиск
      </button>
    </form>
    <div
      className="table"
    />
    <div
      className="interactions"
    >
      <button
        className=""
        onClick={[Function]}
        type="button"
      >
        Больше историй
      </button>
    </div>
  </div>
</div>
`;
